// Vitest Snapshot v1, https://vitest.dev/guide/snapshot.html

exports[`dts 1`] = `
"/* eslint-disable */
/* prettier-ignore */
// @ts-nocheck
// noinspection JSUnusedGlobalSymbols
// Generated by unplugin-auto-import
export {}
declare global {
  const $$: typeof import('vue/macros')['$$']
  const $: typeof import('vue/macros')['$']
  const $computed: typeof import('vue/macros')['$computed']
  const $customRef: typeof import('vue/macros')['$customRef']
  const $ref: typeof import('vue/macros')['$ref']
  const $shallowRef: typeof import('vue/macros')['$shallowRef']
  const $toRef: typeof import('vue/macros')['$toRef']
  const Bundle: typeof import('magic-string')['Bundle']
  const EffectScope: typeof import('vue-demi')['EffectScope']
  const SourceMap: typeof import('magic-string')['SourceMap']
  const afterUpdate: typeof import('svelte')['afterUpdate']
  const backIn: typeof import('svelte/easing')['backIn']
  const backInOut: typeof import('svelte/easing')['backInOut']
  const backOut: typeof import('svelte/easing')['backOut']
  const beforeUpdate: typeof import('svelte')['beforeUpdate']
  const blur: typeof import('svelte/transition')['blur']
  const bounceIn: typeof import('svelte/easing')['bounceIn']
  const bounceInOut: typeof import('svelte/easing')['bounceInOut']
  const bounceOut: typeof import('svelte/easing')['bounceOut']
  const circIn: typeof import('svelte/easing')['circIn']
  const circInOut: typeof import('svelte/easing')['circInOut']
  const circOut: typeof import('svelte/easing')['circOut']
  const computed: typeof import('vue-demi')['computed']
  const createApp: typeof import('vue-demi')['createApp']
  const createEventDispatcher: typeof import('svelte')['createEventDispatcher']
  const createRef: typeof import('react')['createRef']
  const crossfade: typeof import('svelte/transition')['crossfade']
  const cubicIn: typeof import('svelte/easing')['cubicIn']
  const cubicInOut: typeof import('svelte/easing')['cubicInOut']
  const cubicOut: typeof import('svelte/easing')['cubicOut']
  const custom2: typeof import('custom2')
  const customDefault: typeof import('custom')['default']
  const customNamed: typeof import('custom')['customNamed']
  const customRef: typeof import('vue-demi')['customRef']
  const default: typeof import('magic-string')['default']
  const defineAsyncComponent: typeof import('vue-demi')['defineAsyncComponent']
  const defineComponent: typeof import('vue-demi')['defineComponent']
  const derived: typeof import('svelte/store')['derived']
  const draw: typeof import('svelte/transition')['draw']
  const effectScope: typeof import('vue-demi')['effectScope']
  const elasticIn: typeof import('svelte/easing')['elasticIn']
  const elasticInOut: typeof import('svelte/easing')['elasticInOut']
  const elasticOut: typeof import('svelte/easing')['elasticOut']
  const expoIn: typeof import('svelte/easing')['expoIn']
  const expoInOut: typeof import('svelte/easing')['expoInOut']
  const expoOut: typeof import('svelte/easing')['expoOut']
  const fade: typeof import('svelte/transition')['fade']
  const flip: typeof import('svelte/animate')['flip']
  const fly: typeof import('svelte/transition')['fly']
  const foo: typeof import('./foo')['foo']
  const forwardRef: typeof import('react')['forwardRef']
  const get: typeof import('svelte/store')['get']
  const getAllContexts: typeof import('svelte')['getAllContexts']
  const getContext: typeof import('svelte')['getContext']
  const getCurrentInstance: typeof import('vue-demi')['getCurrentInstance']
  const getCurrentScope: typeof import('vue-demi')['getCurrentScope']
  const h: typeof import('vue-demi')['h']
  const hasContext: typeof import('svelte')['hasContext']
  const inject: typeof import('vue-demi')['inject']
  const isProxy: typeof import('vue-demi')['isProxy']
  const isReactive: typeof import('vue-demi')['isReactive']
  const isReadonly: typeof import('vue-demi')['isReadonly']
  const isRef: typeof import('vue-demi')['isRef']
  const lazy: typeof import('react')['lazy']
  const linear: typeof import('svelte/easing')['linear']
  const markRaw: typeof import('vue-demi')['markRaw']
  const memo: typeof import('react')['memo']
  const nextTick: typeof import('vue-demi')['nextTick']
  const onActivated: typeof import('vue-demi')['onActivated']
  const onBeforeMount: typeof import('vue-demi')['onBeforeMount']
  const onBeforeUnmount: typeof import('vue-demi')['onBeforeUnmount']
  const onBeforeUpdate: typeof import('vue-demi')['onBeforeUpdate']
  const onDeactivated: typeof import('vue-demi')['onDeactivated']
  const onDestroy: typeof import('svelte')['onDestroy']
  const onErrorCaptured: typeof import('vue-demi')['onErrorCaptured']
  const onMount: typeof import('svelte')['onMount']
  const onMounted: typeof import('vue-demi')['onMounted']
  const onScopeDispose: typeof import('vue-demi')['onScopeDispose']
  const onServerPrefetch: typeof import('vue-demi')['onServerPrefetch']
  const onUnmounted: typeof import('vue-demi')['onUnmounted']
  const onUpdated: typeof import('vue-demi')['onUpdated']
  const provide: typeof import('vue-demi')['provide']
  const quadIn: typeof import('svelte/easing')['quadIn']
  const quadInOut: typeof import('svelte/easing')['quadInOut']
  const quadOut: typeof import('svelte/easing')['quadOut']
  const quartIn: typeof import('svelte/easing')['quartIn']
  const quartInOut: typeof import('svelte/easing')['quartInOut']
  const quartOut: typeof import('svelte/easing')['quartOut']
  const quintIn: typeof import('svelte/easing')['quintIn']
  const quintInOut: typeof import('svelte/easing')['quintInOut']
  const quintOut: typeof import('svelte/easing')['quintOut']
  const reactive: typeof import('vue-demi')['reactive']
  const readable: typeof import('svelte/store')['readable']
  const readonly: typeof import('vue-demi')['readonly']
  const ref: typeof import('vue-demi')['ref']
  const scale: typeof import('svelte/transition')['scale']
  const setContext: typeof import('svelte')['setContext']
  const shallowReactive: typeof import('vue-demi')['shallowReactive']
  const shallowReadonly: typeof import('vue-demi')['shallowReadonly']
  const shallowRef: typeof import('vue-demi')['shallowRef']
  const sineIn: typeof import('svelte/easing')['sineIn']
  const sineInOut: typeof import('svelte/easing')['sineInOut']
  const sineOut: typeof import('svelte/easing')['sineOut']
  const slide: typeof import('svelte/transition')['slide']
  const spring: typeof import('svelte/motion')['spring']
  const startTransition: typeof import('react')['startTransition']
  const tick: typeof import('svelte')['tick']
  const toRaw: typeof import('vue-demi')['toRaw']
  const toRef: typeof import('vue-demi')['toRef']
  const toRefs: typeof import('vue-demi')['toRefs']
  const toValue: typeof import('vue-demi')['toValue']
  const triggerRef: typeof import('vue-demi')['triggerRef']
  const tweened: typeof import('svelte/motion')['tweened']
  const unref: typeof import('vue-demi')['unref']
  const useAttrs: typeof import('vue-demi')['useAttrs']
  const useCallback: typeof import('react')['useCallback']
  const useContext: typeof import('react')['useContext']
  const useCssModule: typeof import('vue-demi')['useCssModule']
  const useDebugValue: typeof import('react')['useDebugValue']
  const useDeferredValue: typeof import('react')['useDeferredValue']
  const useEffect: typeof import('react')['useEffect']
  const useId: typeof import('react')['useId']
  const useImperativeHandle: typeof import('react')['useImperativeHandle']
  const useInsertionEffect: typeof import('react')['useInsertionEffect']
  const useLayoutEffect: typeof import('react')['useLayoutEffect']
  const useMemo: typeof import('react')['useMemo']
  const useReducer: typeof import('react')['useReducer']
  const useRef: typeof import('react')['useRef']
  const useSlots: typeof import('vue-demi')['useSlots']
  const useState: typeof import('react')['useState']
  const useSyncExternalStore: typeof import('react')['useSyncExternalStore']
  const useTransition: typeof import('react')['useTransition']
  const watch: typeof import('vue-demi')['watch']
  const watchEffect: typeof import('vue-demi')['watchEffect']
  const watchPostEffect: typeof import('vue-demi')['watchPostEffect']
  const watchSyncEffect: typeof import('vue-demi')['watchSyncEffect']
  const writable: typeof import('svelte/store')['writable']
}
// for type re-export
declare global {
  // @ts-ignore
  export type { Component, Slot, Slots, ComponentPublicInstance, ComputedRef, DirectiveBinding, ExtractDefaultPropTypes, ExtractPropTypes, ExtractPublicPropTypes, InjectionKey, PropType, Ref, MaybeRef, MaybeRefOrGetter, VNode, WritableComputedRef } from 'vue-demi'
  import('vue-demi')
}
"
`;
